$ java -cp ~/.lein/self-installs/leiningen-2.5.0-standalone.jar clojure.main
Clojure 1.6.0
user=> (require '[leiningen.core.project :as project] '[leiningen.test :as test])
nil
user=> (def prj (project/read))
#'user/prj
user=> (test/test prj)

lein test org.noisesmith.orsos.load-test

Ran 3 tests containing 3 assertions.
0 failures, 0 errors.
nil
user=> (require '[leiningen.jar :as jar])
nil
user=> (jar/jar prj 'org.noisesmith.orsos)
Compiling org.noisesmith.orsos
Created /media/justin/806084F16084EEEA/clojure/orsos/target/orsos-0.1.0-SNAPSHOT.jar
{[:extension "jar"] "/media/justin/806084F16084EEEA/clojure/orsos/target/orsos-0.1.0-SNAPSHOT.jar"}
user=> 
