# Symptoms of a broken bundler installation:-

# Cannot start Rails...
$ bin/rails s
/Users/rogermarlow/project/config/boot.rb:9:in 'rescue in <top (required)>': uninitialized constant Bundler (NameError)

# bundle not working...
$ bundle install
zsh: /usr/local/bin/bundle: bad interpreter: /System/Library/Frameworks/Ruby.framework/Versions/2.0/usr/bin: no such file or directory
#    ^----- that path does not look right, rvm does not put gems there
$ which bundle
/usr/local/bin/bundle
# ^--- I want bundle from something under ~/.rvm/gems

# First check rvm is in effect:
$ rvm reload
RVM reloaded!
$ which ruby
/Users/rogermarlow/.rvm/rubies/ruby-2.3.4/bin/ruby
# ^--looks good, it is an rvm path, not /usr/local/bin/...

# Now fix bundler
$ gem uninstall bundler    # just in case
$ gem install bundler
Fetching: bundler-1.16.1.gem (100%)
Successfully installed bundler-1.16.1
1 gem installed
$ which bundle
/Users/rogermarlow/.rvm/gems/ruby-2.3.4@project/bin/bundle
$ ^--- that is better, bundle is on a path controlled by rvm

# bundle now working
$ bundle install
Fetching gem metadata from http://rubygems.org/..........
*snip*

# rails now working
$ bin/rails s
=> Booting Thin
=> Rails 4.2.7.1 application starting in development on http://localhost:3000
*snip*
