SQL> conn tuser1/tuserp1
Connected.
SQL> create table tab2 (empno number, name varchar2(30), sal number,
constraint pk_tab2 primary key (empno));    
create table tab2 (empno number, name varchar2(30), sal number,
*
ERROR at line 1:
ORA-01031: insufficient privileges
SQL> conn / as sysdba
Connected.
SQL> grant resource to hr;

Grant succeeded.

SQL> conn tuser1/tuserp1
Connected.
SQL> create table tab2 (empno number, name varchar2(30), sal number,
constraint pk_tab2 primary key (empno));    

Table created.
