SQL> -- Number of employees per department:
SQL> select deptno, count(*) From emp group by deptno order by deptno;

    DEPTNO   COUNT(*)
---------- ----------
        10          3
        20          3
        30          6

SQL> -- Inserting two new employees into the department 10 - one should pass, another fail:
SQL> insert into emp (deptno, empno, ename) values (10, 1, 'Little');

1 row created.

SQL> insert into emp (deptno, empno, ename) values (10, 2, 'Foot');
insert into emp (deptno, empno, ename) values (10, 2, 'Foot')
            *
ERROR at line 1:
ORA-20000: Too many employees in department
ORA-06512: at "SCOTT.TRG_TEST", line 21
ORA-04088: error during execution of trigger 'SCOTT.TRG_TEST'


SQL>
