In [8]: class A:
   ...:     __slots__ = "b"
   ...:     

In [9]: del A.__slots__

In [10]: a = A()

In [11]: a.b = 5

In [12]: a.c = 5
------------------------
AttributeError   
...

In [13]: A.__slots__
---------------------------------------------------------------------------
AttributeError                            Traceback (most recent call last)
<ipython-input-13-68a69c802e74> in <module>()
----> 1 A.__slots__

AttributeError: type object 'A' has no attribute '__slots__'
